[
	"-----------------\nINPUT\n----------------- \n// { \"reportTypeScriptTypeErrors\": true }\n/** @gqlType */\nclass Foo {\n  /** @gqlField */\n  someField(): string {\n    return 10;\n  }\n}\n\n-----------------\nOUTPUT\n-----------------\nsrc/tests/fixtures/user_error/TypeErrorWithTypeCheckingEnabled.ts:6:5 - error TS2322: Type 'number' is not assignable to type 'string'.\n\n6     return 10;\n      ~~~~~~~~~~\n",
	"-----------------\nINPUT\n----------------- \n// { \"reportTypeScriptTypeErrors\": true }\n/** @gqlType */\nclass Foo {\n  /** @gqlField */\n  someField(): string {\n    return 10;\n  }\n}\n\n-----------------\nOUTPUT\n-----------------\nsrc/tests/fixtures/user_error/TypeErrorWithTypeCheckingEnabled.ts:6:5 - error TS2322: Type 'number' is not assignable to type 'string'.\n\n6     return 10;\n      ~~~~~~\n"
]
